
symbol: 36 Specifier

token pos: 1 1
0x559a47ea7330 270 15 TYPE

line: 1

symbol: 41 FunDec

token pos: 1 5
0x559a47ea8420 284 29 ID
0x559a47ea8490 271 16 LP
0x559a47ea8500 272 17 RP

line: 1



symbol: 36 Specifier

token pos: 3 2
0x559a47ea8650 270 15 TYPE

line: 3

symbol: 40 VarDec

token pos: 3 6
0x559a47ea8730 284 29 ID

line: 3

symbol: 51 Exp

token pos: 3 10
0x559a47ea8880 282 27 INT

line: 3

symbol: 50 Dec

token pos: 3 6
0x559a47ea87a0 0 0 "end of file"
0x559a47ea8810 263 8 ASSIGNOP
0x559a47ea88f0 0 0 "end of file"

line: 3

symbol: 49 DecList

token pos: 3 6
0x559a47ea89d0 0 0 "end of file"

line: 3

symbol: 48 Def

token pos: 3 2
0x559a47ea86c0 0 0 "end of file"
0x559a47ea8a40 0 0 "end of file"
0x559a47ea8960 261 6 SEMI

line: 3


symbol: 47 DefList

line: 3

symbol: 47 DefList

token pos: 3 2
0x559a47ea8ab0 0 0 "end of file"
0x559a47ea8b90 -2 2 "invalid token"

line: 3

symbol: 45 StmtList

line: 3

symbol: 44 CompSt

token pos: 2 1
0x559a47ea85e0 275 20 LC
0x559a47ea8c00 0 0 "end of file"
0x559a47ea8c70 -2 2 "invalid token"
0x559a47ea8b20 276 21 RC

line: 2

symbol: 34 ExtDef

token pos: 1 1
0x559a47ea83b0 0 0 "end of file"
0x559a47ea8570 0 0 "end of file"
0x559a47ea8ce0 0 0 "end of file"

line: 1



symbol: 33 ExtDefList

line: 4

symbol: 33 ExtDefList

token pos: 1 1
0x559a47ea8d50 0 0 "end of file"
0x559a47ea8dc0 -2 2 "invalid token"

line: 1

symbol: 32 Program

token pos: 1 1
0x559a47ea8e30 0 0 "end of file"

line: 1
parsed successfully!
Program (1)
  ExtDefList (1)
    ExtDef (1)
      Specifier (1)
        TYPE: int
      FunDec (1)
        ID: main
        LP
        RP
      CompSt (2)
        LC
        DefList (3)
          Def (3)
            Specifier (3)
              TYPE: int
            DecList (3)
              Dec (3)
                VarDec (3)
                  ID: i
                ASSIGNOP
                Exp (3)
                  INT: 1
            SEMI
        RC
parsed over with 0 lexical errors and 0 syntax errors
